Archive member included to satisfy reference by file (symbol)

c:/program files (x86)/atmel/studio/7.0/toolchain/avr8/avr8-gnu-toolchain/bin/../lib/gcc/avr/4.9.2/avr5\libgcc.a(_exit.o)
                              C:/Program Files (x86)/Atmel/Studio/7.0/Packs/Atmel/ATmega_DFP/1.0.98/gcc/dev/atmega32/avr5/crtatmega32.o (exit)
c:/program files (x86)/atmel/studio/7.0/toolchain/avr8/avr8-gnu-toolchain/bin/../lib/gcc/avr/4.9.2/avr5\libgcc.a(_tablejump2.o)
                              inc/uart_tri_0.o (__tablejump2__)
c:/program files (x86)/atmel/studio/7.0/toolchain/avr8/avr8-gnu-toolchain/bin/../lib/gcc/avr/4.9.2/avr5\libgcc.a(_copy_data.o)
                              inc/CRC_interface.o (__do_copy_data)
c:/program files (x86)/atmel/studio/7.0/toolchain/avr8/avr8-gnu-toolchain/bin/../lib/gcc/avr/4.9.2/avr5\libgcc.a(_clear_bss.o)
                              inc/Tribus.o (__do_clear_bss)
C:/Program Files (x86)/Atmel/Studio/7.0/Packs/Atmel/ATmega_DFP/1.0.98/gcc/dev/atmega32/avr5\libatmega32.a(eerd_block.o)
                              inc/Tribus.o (eeprom_read_block)
C:/Program Files (x86)/Atmel/Studio/7.0/Packs/Atmel/ATmega_DFP/1.0.98/gcc/dev/atmega32/avr5\libatmega32.a(eeupd_byte.o)
                              inc/Tribus.o (eeprom_update_byte)
C:/Program Files (x86)/Atmel/Studio/7.0/Packs/Atmel/ATmega_DFP/1.0.98/gcc/dev/atmega32/avr5\libatmega32.a(eewr_block.o)
                              inc/Tribus.o (eeprom_write_block)
C:/Program Files (x86)/Atmel/Studio/7.0/Packs/Atmel/ATmega_DFP/1.0.98/gcc/dev/atmega32/avr5\libatmega32.a(eewr_byte.o)
                              C:/Program Files (x86)/Atmel/Studio/7.0/Packs/Atmel/ATmega_DFP/1.0.98/gcc/dev/atmega32/avr5\libatmega32.a(eewr_block.o) (eeprom_write_r18)

Allocating common symbols
Common symbol       size              file

Signature           0x4               main.o
uart0_buf_tx        0x9               inc/uart_tri_0.o
uart0_buf_pac_rx    0x90              inc/uart_tri_0.o
TB_out              0x1               inc/Tribus.o
TB_param            0x1d              inc/Tribus.o
TB_Value            0x4               inc/Tribus.o
TB_bufOut           0x9               inc/Tribus.o
TB_gbparam          0x5               inc/Tribus.o
TB_inp              0x1               inc/Tribus.o
uart0_buf_rx        0x10              inc/uart_tri_0.o
TB_AddrModule       0x1               inc/Tribus.o
TB_bufIn            0x9               inc/Tribus.o
uart0_buf_pac_tx    0x90              inc/uart_tri_0.o
addr_setting_in_eeprom
                    0x2               inc/Tribus.o
TB_AddrReply        0x1               inc/Tribus.o

Discarded input sections

 .data          0x00000000        0x0 C:/Program Files (x86)/Atmel/Studio/7.0/Packs/Atmel/ATmega_DFP/1.0.98/gcc/dev/atmega32/avr5/crtatmega32.o
 .bss           0x00000000        0x0 C:/Program Files (x86)/Atmel/Studio/7.0/Packs/Atmel/ATmega_DFP/1.0.98/gcc/dev/atmega32/avr5/crtatmega32.o
 .text          0x00000000        0x0 inc/CRC_interface.o
 .data          0x00000000        0x0 inc/CRC_interface.o
 .bss           0x00000000        0x0 inc/CRC_interface.o
 .text.VerifyFlash
                0x00000000       0x38 inc/CRC_interface.o
 .rodata.crc_table
                0x00000000      0x100 inc/CRC_interface.o
 .debug_info    0x00000000      0x157 inc/CRC_interface.o
 .debug_abbrev  0x00000000       0xe7 inc/CRC_interface.o
 .debug_loc     0x00000000      0x10f inc/CRC_interface.o
 .debug_aranges
                0x00000000       0x20 inc/CRC_interface.o
 .debug_ranges  0x00000000       0x10 inc/CRC_interface.o
 .debug_line    0x00000000       0xd4 inc/CRC_interface.o
 .debug_str     0x00000000      0x1cf inc/CRC_interface.o
 .comment       0x00000000       0x31 inc/CRC_interface.o
 .debug_frame   0x00000000       0x24 inc/CRC_interface.o
 .text          0x00000000        0x0 inc/timer.o
 .data          0x00000000        0x0 inc/timer.o
 .bss           0x00000000        0x0 inc/timer.o
 .text          0x00000000        0x0 inc/Tribus.o
 .data          0x00000000        0x0 inc/Tribus.o
 .bss           0x00000000        0x0 inc/Tribus.o
 .text.TB_SetParam
                0x00000000       0x2c inc/Tribus.o
 .text.TB_SendAckOK
                0x00000000        0xc inc/Tribus.o
 .bss.BUF_PC4   0x00000000        0x1 inc/Tribus.o
 .bss.TB_send_flag
                0x00000000        0x1 inc/Tribus.o
 .text          0x00000000        0x0 inc/uart_tri_0.o
 .data          0x00000000        0x0 inc/uart_tri_0.o
 .bss           0x00000000        0x0 inc/uart_tri_0.o
 .text.uart_pac_rx_empty
                0x00000000       0x10 inc/uart_tri_0.o
 .text.uart_interrupt_rx
                0x00000000        0xc inc/uart_tri_0.o
 .text.uart_interrupt_tx
                0x00000000        0xc inc/uart_tri_0.o
 .bss.uart0_tx_timeout
                0x00000000        0x1 inc/uart_tri_0.o
 .text          0x00000000        0x0 main.o
 .data          0x00000000        0x0 main.o
 .bss           0x00000000        0x0 main.o
 .bss.NowFlash  0x00000000        0x1 main.o
 .bss.NowEeprom
                0x00000000        0x1 main.o
 .bss.EndCom    0x00000000        0x1 main.o
 .bss.Predchozi
                0x00000000        0x2 main.o
 .bss.Aktualni  0x00000000        0x2 main.o
 .bss.Address   0x00000000        0x2 main.o
 COMMON         0x00000000        0x4 main.o
 .text          0x00000000        0x0 c:/program files (x86)/atmel/studio/7.0/toolchain/avr8/avr8-gnu-toolchain/bin/../lib/gcc/avr/4.9.2/avr5\libgcc.a(_exit.o)
 .data          0x00000000        0x0 c:/program files (x86)/atmel/studio/7.0/toolchain/avr8/avr8-gnu-toolchain/bin/../lib/gcc/avr/4.9.2/avr5\libgcc.a(_exit.o)
 .bss           0x00000000        0x0 c:/program files (x86)/atmel/studio/7.0/toolchain/avr8/avr8-gnu-toolchain/bin/../lib/gcc/avr/4.9.2/avr5\libgcc.a(_exit.o)
 .text.libgcc.mul
                0x00000000        0x0 c:/program files (x86)/atmel/studio/7.0/toolchain/avr8/avr8-gnu-toolchain/bin/../lib/gcc/avr/4.9.2/avr5\libgcc.a(_exit.o)
 .text.libgcc.div
                0x00000000        0x0 c:/program files (x86)/atmel/studio/7.0/toolchain/avr8/avr8-gnu-toolchain/bin/../lib/gcc/avr/4.9.2/avr5\libgcc.a(_exit.o)
 .text.libgcc   0x00000000        0x0 c:/program files (x86)/atmel/studio/7.0/toolchain/avr8/avr8-gnu-toolchain/bin/../lib/gcc/avr/4.9.2/avr5\libgcc.a(_exit.o)
 .text.libgcc.prologue
                0x00000000        0x0 c:/program files (x86)/atmel/studio/7.0/toolchain/avr8/avr8-gnu-toolchain/bin/../lib/gcc/avr/4.9.2/avr5\libgcc.a(_exit.o)
 .text.libgcc.builtins
                0x00000000        0x0 c:/program files (x86)/atmel/studio/7.0/toolchain/avr8/avr8-gnu-toolchain/bin/../lib/gcc/avr/4.9.2/avr5\libgcc.a(_exit.o)
 .text.libgcc.fmul
                0x00000000        0x0 c:/program files (x86)/atmel/studio/7.0/toolchain/avr8/avr8-gnu-toolchain/bin/../lib/gcc/avr/4.9.2/avr5\libgcc.a(_exit.o)
 .text.libgcc.fixed
                0x00000000        0x0 c:/program files (x86)/atmel/studio/7.0/toolchain/avr8/avr8-gnu-toolchain/bin/../lib/gcc/avr/4.9.2/avr5\libgcc.a(_exit.o)
 .text          0x00000000        0x0 c:/program files (x86)/atmel/studio/7.0/toolchain/avr8/avr8-gnu-toolchain/bin/../lib/gcc/avr/4.9.2/avr5\libgcc.a(_tablejump2.o)
 .data          0x00000000        0x0 c:/program files (x86)/atmel/studio/7.0/toolchain/avr8/avr8-gnu-toolchain/bin/../lib/gcc/avr/4.9.2/avr5\libgcc.a(_tablejump2.o)
 .bss           0x00000000        0x0 c:/program files (x86)/atmel/studio/7.0/toolchain/avr8/avr8-gnu-toolchain/bin/../lib/gcc/avr/4.9.2/avr5\libgcc.a(_tablejump2.o)
 .text.libgcc.mul
                0x00000000        0x0 c:/program files (x86)/atmel/studio/7.0/toolchain/avr8/avr8-gnu-toolchain/bin/../lib/gcc/avr/4.9.2/avr5\libgcc.a(_tablejump2.o)
 .text.libgcc.div
                0x00000000        0x0 c:/program files (x86)/atmel/studio/7.0/toolchain/avr8/avr8-gnu-toolchain/bin/../lib/gcc/avr/4.9.2/avr5\libgcc.a(_tablejump2.o)
 .text.libgcc.prologue
                0x00000000        0x0 c:/program files (x86)/atmel/studio/7.0/toolchain/avr8/avr8-gnu-toolchain/bin/../lib/gcc/avr/4.9.2/avr5\libgcc.a(_tablejump2.o)
 .text.libgcc.builtins
                0x00000000        0x0 c:/program files (x86)/atmel/studio/7.0/toolchain/avr8/avr8-gnu-toolchain/bin/../lib/gcc/avr/4.9.2/avr5\libgcc.a(_tablejump2.o)
 .text.libgcc.fmul
                0x00000000        0x0 c:/program files (x86)/atmel/studio/7.0/toolchain/avr8/avr8-gnu-toolchain/bin/../lib/gcc/avr/4.9.2/avr5\libgcc.a(_tablejump2.o)
 .text.libgcc.fixed
                0x00000000        0x0 c:/program files (x86)/atmel/studio/7.0/toolchain/avr8/avr8-gnu-toolchain/bin/../lib/gcc/avr/4.9.2/avr5\libgcc.a(_tablejump2.o)
 .text          0x00000000        0x0 c:/program files (x86)/atmel/studio/7.0/toolchain/avr8/avr8-gnu-toolchain/bin/../lib/gcc/avr/4.9.2/avr5\libgcc.a(_copy_data.o)
 .data          0x00000000        0x0 c:/program files (x86)/atmel/studio/7.0/toolchain/avr8/avr8-gnu-toolchain/bin/../lib/gcc/avr/4.9.2/avr5\libgcc.a(_copy_data.o)
 .bss           0x00000000        0x0 c:/program files (x86)/atmel/studio/7.0/toolchain/avr8/avr8-gnu-toolchain/bin/../lib/gcc/avr/4.9.2/avr5\libgcc.a(_copy_data.o)
 .text.libgcc.mul
                0x00000000        0x0 c:/program files (x86)/atmel/studio/7.0/toolchain/avr8/avr8-gnu-toolchain/bin/../lib/gcc/avr/4.9.2/avr5\libgcc.a(_copy_data.o)
 .text.libgcc.div
                0x00000000        0x0 c:/program files (x86)/atmel/studio/7.0/toolchain/avr8/avr8-gnu-toolchain/bin/../lib/gcc/avr/4.9.2/avr5\libgcc.a(_copy_data.o)
 .text.libgcc   0x00000000        0x0 c:/program files (x86)/atmel/studio/7.0/toolchain/avr8/avr8-gnu-toolchain/bin/../lib/gcc/avr/4.9.2/avr5\libgcc.a(_copy_data.o)
 .text.libgcc.prologue
                0x00000000        0x0 c:/program files (x86)/atmel/studio/7.0/toolchain/avr8/avr8-gnu-toolchain/bin/../lib/gcc/avr/4.9.2/avr5\libgcc.a(_copy_data.o)
 .text.libgcc.builtins
                0x00000000        0x0 c:/program files (x86)/atmel/studio/7.0/toolchain/avr8/avr8-gnu-toolchain/bin/../lib/gcc/avr/4.9.2/avr5\libgcc.a(_copy_data.o)
 .text.libgcc.fmul
                0x00000000        0x0 c:/program files (x86)/atmel/studio/7.0/toolchain/avr8/avr8-gnu-toolchain/bin/../lib/gcc/avr/4.9.2/avr5\libgcc.a(_copy_data.o)
 .text.libgcc.fixed
                0x00000000        0x0 c:/program files (x86)/atmel/studio/7.0/toolchain/avr8/avr8-gnu-toolchain/bin/../lib/gcc/avr/4.9.2/avr5\libgcc.a(_copy_data.o)
 .text          0x00000000        0x0 c:/program files (x86)/atmel/studio/7.0/toolchain/avr8/avr8-gnu-toolchain/bin/../lib/gcc/avr/4.9.2/avr5\libgcc.a(_clear_bss.o)
 .data          0x00000000        0x0 c:/program files (x86)/atmel/studio/7.0/toolchain/avr8/avr8-gnu-toolchain/bin/../lib/gcc/avr/4.9.2/avr5\libgcc.a(_clear_bss.o)
 .bss           0x00000000        0x0 c:/program files (x86)/atmel/studio/7.0/toolchain/avr8/avr8-gnu-toolchain/bin/../lib/gcc/avr/4.9.2/avr5\libgcc.a(_clear_bss.o)
 .text.libgcc.mul
                0x00000000        0x0 c:/program files (x86)/atmel/studio/7.0/toolchain/avr8/avr8-gnu-toolchain/bin/../lib/gcc/avr/4.9.2/avr5\libgcc.a(_clear_bss.o)
 .text.libgcc.div
                0x00000000        0x0 c:/program files (x86)/atmel/studio/7.0/toolchain/avr8/avr8-gnu-toolchain/bin/../lib/gcc/avr/4.9.2/avr5\libgcc.a(_clear_bss.o)
 .text.libgcc   0x00000000        0x0 c:/program files (x86)/atmel/studio/7.0/toolchain/avr8/avr8-gnu-toolchain/bin/../lib/gcc/avr/4.9.2/avr5\libgcc.a(_clear_bss.o)
 .text.libgcc.prologue
                0x00000000        0x0 c:/program files (x86)/atmel/studio/7.0/toolchain/avr8/avr8-gnu-toolchain/bin/../lib/gcc/avr/4.9.2/avr5\libgcc.a(_clear_bss.o)
 .text.libgcc.builtins
                0x00000000        0x0 c:/program files (x86)/atmel/studio/7.0/toolchain/avr8/avr8-gnu-toolchain/bin/../lib/gcc/avr/4.9.2/avr5\libgcc.a(_clear_bss.o)
 .text.libgcc.fmul
                0x00000000        0x0 c:/program files (x86)/atmel/studio/7.0/toolchain/avr8/avr8-gnu-toolchain/bin/../lib/gcc/avr/4.9.2/avr5\libgcc.a(_clear_bss.o)
 .text.libgcc.fixed
                0x00000000        0x0 c:/program files (x86)/atmel/studio/7.0/toolchain/avr8/avr8-gnu-toolchain/bin/../lib/gcc/avr/4.9.2/avr5\libgcc.a(_clear_bss.o)
 .text          0x00000000        0x0 C:/Program Files (x86)/Atmel/Studio/7.0/Packs/Atmel/ATmega_DFP/1.0.98/gcc/dev/atmega32/avr5\libatmega32.a(eerd_block.o)
 .data          0x00000000        0x0 C:/Program Files (x86)/Atmel/Studio/7.0/Packs/Atmel/ATmega_DFP/1.0.98/gcc/dev/atmega32/avr5\libatmega32.a(eerd_block.o)
 .bss           0x00000000        0x0 C:/Program Files (x86)/Atmel/Studio/7.0/Packs/Atmel/ATmega_DFP/1.0.98/gcc/dev/atmega32/avr5\libatmega32.a(eerd_block.o)
 .text          0x00000000        0x0 C:/Program Files (x86)/Atmel/Studio/7.0/Packs/Atmel/ATmega_DFP/1.0.98/gcc/dev/atmega32/avr5\libatmega32.a(eeupd_byte.o)
 .data          0x00000000        0x0 C:/Program Files (x86)/Atmel/Studio/7.0/Packs/Atmel/ATmega_DFP/1.0.98/gcc/dev/atmega32/avr5\libatmega32.a(eeupd_byte.o)
 .bss           0x00000000        0x0 C:/Program Files (x86)/Atmel/Studio/7.0/Packs/Atmel/ATmega_DFP/1.0.98/gcc/dev/atmega32/avr5\libatmega32.a(eeupd_byte.o)
 .text          0x00000000        0x0 C:/Program Files (x86)/Atmel/Studio/7.0/Packs/Atmel/ATmega_DFP/1.0.98/gcc/dev/atmega32/avr5\libatmega32.a(eewr_block.o)
 .data          0x00000000        0x0 C:/Program Files (x86)/Atmel/Studio/7.0/Packs/Atmel/ATmega_DFP/1.0.98/gcc/dev/atmega32/avr5\libatmega32.a(eewr_block.o)
 .bss           0x00000000        0x0 C:/Program Files (x86)/Atmel/Studio/7.0/Packs/Atmel/ATmega_DFP/1.0.98/gcc/dev/atmega32/avr5\libatmega32.a(eewr_block.o)
 .text          0x00000000        0x0 C:/Program Files (x86)/Atmel/Studio/7.0/Packs/Atmel/ATmega_DFP/1.0.98/gcc/dev/atmega32/avr5\libatmega32.a(eewr_byte.o)
 .data          0x00000000        0x0 C:/Program Files (x86)/Atmel/Studio/7.0/Packs/Atmel/ATmega_DFP/1.0.98/gcc/dev/atmega32/avr5\libatmega32.a(eewr_byte.o)
 .bss           0x00000000        0x0 C:/Program Files (x86)/Atmel/Studio/7.0/Packs/Atmel/ATmega_DFP/1.0.98/gcc/dev/atmega32/avr5\libatmega32.a(eewr_byte.o)

Memory Configuration

Name             Origin             Length             Attributes
text             0x00000000         0x00020000         xr
data             0x00800060         0x0000ffa0         rw !x
eeprom           0x00810000         0x00010000         rw !x
fuse             0x00820000         0x00000400         rw !x
lock             0x00830000         0x00000400         rw !x
signature        0x00840000         0x00000400         rw !x
user_signatures  0x00850000         0x00000400         rw !x
*default*        0x00000000         0xffffffff

Linker script and memory map

LOAD C:/Program Files (x86)/Atmel/Studio/7.0/Packs/Atmel/ATmega_DFP/1.0.98/gcc/dev/atmega32/avr5/crtatmega32.o
LOAD inc/CRC_interface.o
LOAD inc/timer.o
LOAD inc/Tribus.o
LOAD inc/uart_tri_0.o
LOAD main.o
START GROUP
LOAD c:/program files (x86)/atmel/studio/7.0/toolchain/avr8/avr8-gnu-toolchain/bin/../lib/gcc/avr/4.9.2/../../../../avr/lib/avr5\libm.a
END GROUP
Address of section .text set to 0x7000
START GROUP
LOAD c:/program files (x86)/atmel/studio/7.0/toolchain/avr8/avr8-gnu-toolchain/bin/../lib/gcc/avr/4.9.2/avr5\libgcc.a
LOAD c:/program files (x86)/atmel/studio/7.0/toolchain/avr8/avr8-gnu-toolchain/bin/../lib/gcc/avr/4.9.2/../../../../avr/lib/avr5\libm.a
LOAD c:/program files (x86)/atmel/studio/7.0/toolchain/avr8/avr8-gnu-toolchain/bin/../lib/gcc/avr/4.9.2/../../../../avr/lib/avr5\libc.a
LOAD C:/Program Files (x86)/Atmel/Studio/7.0/Packs/Atmel/ATmega_DFP/1.0.98/gcc/dev/atmega32/avr5\libatmega32.a
END GROUP

.hash
 *(.hash)

.dynsym
 *(.dynsym)

.dynstr
 *(.dynstr)

.gnu.version
 *(.gnu.version)

.gnu.version_d
 *(.gnu.version_d)

.gnu.version_r
 *(.gnu.version_r)

.rel.init
 *(.rel.init)

.rela.init
 *(.rela.init)

.rel.text
 *(.rel.text)
 *(.rel.text.*)
 *(.rel.gnu.linkonce.t*)

.rela.text
 *(.rela.text)
 *(.rela.text.*)
 *(.rela.gnu.linkonce.t*)

.rel.fini
 *(.rel.fini)

.rela.fini
 *(.rela.fini)

.rel.rodata
 *(.rel.rodata)
 *(.rel.rodata.*)
 *(.rel.gnu.linkonce.r*)

.rela.rodata
 *(.rela.rodata)
 *(.rela.rodata.*)
 *(.rela.gnu.linkonce.r*)

.rel.data
 *(.rel.data)
 *(.rel.data.*)
 *(.rel.gnu.linkonce.d*)

.rela.data
 *(.rela.data)
 *(.rela.data.*)
 *(.rela.gnu.linkonce.d*)

.rel.ctors
 *(.rel.ctors)

.rela.ctors
 *(.rela.ctors)

.rel.dtors
 *(.rel.dtors)

.rela.dtors
 *(.rela.dtors)

.rel.got
 *(.rel.got)

.rela.got
 *(.rela.got)

.rel.bss
 *(.rel.bss)

.rela.bss
 *(.rela.bss)

.rel.plt
 *(.rel.plt)

.rela.plt
 *(.rela.plt)

.text           0x00007000      0x814
 *(.vectors)
 .vectors       0x00007000       0x54 C:/Program Files (x86)/Atmel/Studio/7.0/Packs/Atmel/ATmega_DFP/1.0.98/gcc/dev/atmega32/avr5/crtatmega32.o
                0x00007000                __vector_default
                0x00007000                __vectors
 *(.vectors)
 *(.progmem.gcc*)
 .progmem.gcc_sw_table.uart0_set_baud
                0x00007054       0x16 inc/uart_tri_0.o
                0x0000706a                . = ALIGN (0x2)
                0x0000706a                __trampolines_start = .
 *(.trampolines)
 .trampolines   0x0000706a        0x0 linker stubs
 *(.trampolines*)
                0x0000706a                __trampolines_end = .
 *(.progmem*)
                0x0000706a                . = ALIGN (0x2)
 *(.jumptables)
 *(.jumptables*)
 *(.lowtext)
 *(.lowtext*)
                0x0000706a                __ctors_start = .
 *(.ctors)
                0x0000706a                __ctors_end = .
                0x0000706a                __dtors_start = .
 *(.dtors)
                0x0000706a                __dtors_end = .
 SORT(*)(.ctors)
 SORT(*)(.dtors)
 *(.init0)
 .init0         0x0000706a        0x0 C:/Program Files (x86)/Atmel/Studio/7.0/Packs/Atmel/ATmega_DFP/1.0.98/gcc/dev/atmega32/avr5/crtatmega32.o
                0x0000706a                __init
 *(.init0)
 *(.init1)
 *(.init1)
 *(.init2)
 .init2         0x0000706a        0xc C:/Program Files (x86)/Atmel/Studio/7.0/Packs/Atmel/ATmega_DFP/1.0.98/gcc/dev/atmega32/avr5/crtatmega32.o
 *(.init2)
 *(.init3)
 *(.init3)
 *(.init4)
 .init4         0x00007076       0x16 c:/program files (x86)/atmel/studio/7.0/toolchain/avr8/avr8-gnu-toolchain/bin/../lib/gcc/avr/4.9.2/avr5\libgcc.a(_copy_data.o)
                0x00007076                __do_copy_data
 .init4         0x0000708c       0x10 c:/program files (x86)/atmel/studio/7.0/toolchain/avr8/avr8-gnu-toolchain/bin/../lib/gcc/avr/4.9.2/avr5\libgcc.a(_clear_bss.o)
                0x0000708c                __do_clear_bss
 *(.init4)
 *(.init5)
 *(.init5)
 *(.init6)
 *(.init6)
 *(.init7)
 *(.init7)
 *(.init8)
 *(.init8)
 *(.init9)
 .init9         0x0000709c        0x8 C:/Program Files (x86)/Atmel/Studio/7.0/Packs/Atmel/ATmega_DFP/1.0.98/gcc/dev/atmega32/avr5/crtatmega32.o
 *(.init9)
 *(.text)
 .text          0x000070a4        0x4 C:/Program Files (x86)/Atmel/Studio/7.0/Packs/Atmel/ATmega_DFP/1.0.98/gcc/dev/atmega32/avr5/crtatmega32.o
                0x000070a4                __vector_1
                0x000070a4                __vector_12
                0x000070a4                __bad_interrupt
                0x000070a4                __vector_3
                0x000070a4                __vector_11
                0x000070a4                __vector_17
                0x000070a4                __vector_19
                0x000070a4                __vector_7
                0x000070a4                __vector_5
                0x000070a4                __vector_4
                0x000070a4                __vector_9
                0x000070a4                __vector_2
                0x000070a4                __vector_8
                0x000070a4                __vector_14
                0x000070a4                __vector_10
                0x000070a4                __vector_16
                0x000070a4                __vector_18
                0x000070a4                __vector_20
                0x000070a8                . = ALIGN (0x2)
 *(.text.*)
 .text.timer_init
                0x000070a8       0x20 inc/timer.o
                0x000070a8                timer_init
 .text.TB_Send  0x000070c8       0x10 inc/Tribus.o
                0x000070c8                TB_Send
 .text.TB_calcSum
                0x000070d8       0x18 inc/Tribus.o
                0x000070d8                TB_calcSum
 .text.TB_Init  0x000070f0       0x76 inc/Tribus.o
                0x000070f0                TB_Init
 .text.TB_SendAck
                0x00007166       0x28 inc/Tribus.o
                0x00007166                TB_SendAck
 .text.TB_Read  0x0000718e       0x3e inc/Tribus.o
                0x0000718e                TB_Read
 .text.TB_Decode
                0x000071cc      0x198 inc/Tribus.o
                0x000071cc                TB_Decode
 .text.uart_pac_rx_size
                0x00007364        0xe inc/uart_tri_0.o
                0x00007364                uart_pac_rx_size
 .text.uart_get_char
                0x00007372       0x28 inc/uart_tri_0.o
                0x00007372                uart_get_char
 .text.uart_receive_char
                0x0000739a       0x18 inc/uart_tri_0.o
                0x0000739a                uart_receive_char
 .text.uart_send_char
                0x000073b2       0x16 inc/uart_tri_0.o
                0x000073b2                uart_send_char
 .text.uart_send
                0x000073c8       0x20 inc/uart_tri_0.o
                0x000073c8                uart_send
 .text.__vector_13
                0x000073e8       0x5c inc/uart_tri_0.o
                0x000073e8                __vector_13
 .text.__vector_15
                0x00007444       0x68 inc/uart_tri_0.o
                0x00007444                __vector_15
 .text.uart0_init
                0x000074ac       0x14 inc/uart_tri_0.o
                0x000074ac                uart0_init
 .text.uart0_process
                0x000074c0      0x108 inc/uart_tri_0.o
                0x000074c0                uart0_process
 .text.uart0_ISR_timer
                0x000075c8       0x30 inc/uart_tri_0.o
                0x000075c8                uart0_ISR_timer
 .text.uart0_get_data_begin
                0x000075f8       0x16 inc/uart_tri_0.o
                0x000075f8                uart0_get_data_begin
 .text.uart0_get_data_end
                0x0000760e       0x20 inc/uart_tri_0.o
                0x0000760e                uart0_get_data_end
 .text.uart0_put_data
                0x0000762e       0x58 inc/uart_tri_0.o
                0x0000762e                uart0_put_data
 .text.uart0_set_baud
                0x00007686       0x40 inc/uart_tri_0.o
                0x00007686                uart0_set_baud
 .text.send_data
                0x000076c6        0x8 main.o
                0x000076c6                send_data
 .text.__vector_6
                0x000076ce       0x1e main.o
                0x000076ce                __vector_6
 .text.process_timer_100Hz
                0x000076ec       0x20 main.o
                0x000076ec                process_timer_100Hz
 .text.try_receive_data
                0x0000770c       0x3c main.o
                0x0000770c                try_receive_data
 .text.startup.main
                0x00007748       0x4c main.o
                0x00007748                main
 .text.libgcc   0x00007794        0xc c:/program files (x86)/atmel/studio/7.0/toolchain/avr8/avr8-gnu-toolchain/bin/../lib/gcc/avr/4.9.2/avr5\libgcc.a(_tablejump2.o)
                0x00007794                __tablejump2__
 .text.avr-libc
                0x000077a0       0x20 C:/Program Files (x86)/Atmel/Studio/7.0/Packs/Atmel/ATmega_DFP/1.0.98/gcc/dev/atmega32/avr5\libatmega32.a(eerd_block.o)
                0x000077a0                eeprom_read_block
                0x000077a4                eeprom_read_blraw
 .text.avr-libc
                0x000077c0       0x22 C:/Program Files (x86)/Atmel/Studio/7.0/Packs/Atmel/ATmega_DFP/1.0.98/gcc/dev/atmega32/avr5\libatmega32.a(eeupd_byte.o)
                0x000077c0                eeprom_update_byte
                0x000077c2                eeprom_update_r18
 .text.avr-libc
                0x000077e2       0x14 C:/Program Files (x86)/Atmel/Studio/7.0/Packs/Atmel/ATmega_DFP/1.0.98/gcc/dev/atmega32/avr5\libatmega32.a(eewr_block.o)
                0x000077e2                eeprom_write_block
 .text.avr-libc
                0x000077f6       0x1a C:/Program Files (x86)/Atmel/Studio/7.0/Packs/Atmel/ATmega_DFP/1.0.98/gcc/dev/atmega32/avr5\libatmega32.a(eewr_byte.o)
                0x000077f6                eeprom_write_byte
                0x000077f8                eeprom_write_r18
                0x00007810                . = ALIGN (0x2)
 *(.fini9)
 .fini9         0x00007810        0x0 c:/program files (x86)/atmel/studio/7.0/toolchain/avr8/avr8-gnu-toolchain/bin/../lib/gcc/avr/4.9.2/avr5\libgcc.a(_exit.o)
                0x00007810                _exit
                0x00007810                exit
 *(.fini9)
 *(.fini8)
 *(.fini8)
 *(.fini7)
 *(.fini7)
 *(.fini6)
 *(.fini6)
 *(.fini5)
 *(.fini5)
 *(.fini4)
 *(.fini4)
 *(.fini3)
 *(.fini3)
 *(.fini2)
 *(.fini2)
 *(.fini1)
 *(.fini1)
 *(.fini0)
 .fini0         0x00007810        0x4 c:/program files (x86)/atmel/studio/7.0/toolchain/avr8/avr8-gnu-toolchain/bin/../lib/gcc/avr/4.9.2/avr5\libgcc.a(_exit.o)
 *(.fini0)
                0x00007814                _etext = .

.data           0x00800060        0x0 load address 0x00007814
                0x00800060                PROVIDE (__data_start, .)
 *(.data)
 *(.data*)
 *(.rodata)
 *(.rodata*)
 *(.gnu.linkonce.d*)
                0x00800060                . = ALIGN (0x2)
                0x00800060                _edata = .
                0x00800060                PROVIDE (__data_end, .)

.bss            0x00800060      0x188
                0x00800060                PROVIDE (__bss_start, .)
 *(.bss)
 *(.bss*)
 .bss.TB_Callback_setBaud
                0x00800060        0x2 inc/Tribus.o
                0x00800060                TB_Callback_setBaud
 .bss.TB_Callback_TX
                0x00800062        0x2 inc/Tribus.o
                0x00800062                TB_Callback_TX
 .bss.uart0_rx_timeout_flag.1628
                0x00800064        0x1 inc/uart_tri_0.o
 .bss.uart0_flags
                0x00800065        0x1 inc/uart_tri_0.o
                0x00800065                uart0_flags
 .bss.uart0_status
                0x00800066        0x1 inc/uart_tri_0.o
                0x00800066                uart0_status
 .bss.uart0_rx_timeout
                0x00800067        0x1 inc/uart_tri_0.o
                0x00800067                uart0_rx_timeout
 .bss.uart0_buf_pac_rx_ptr_e
                0x00800068        0x1 inc/uart_tri_0.o
                0x00800068                uart0_buf_pac_rx_ptr_e
 .bss.uart0_buf_pac_rx_ptr_b
                0x00800069        0x1 inc/uart_tri_0.o
                0x00800069                uart0_buf_pac_rx_ptr_b
 .bss.uart0_buf_pac_tx_ptr_e
                0x0080006a        0x1 inc/uart_tri_0.o
                0x0080006a                uart0_buf_pac_tx_ptr_e
 .bss.uart0_buf_pac_tx_ptr_b
                0x0080006b        0x1 inc/uart_tri_0.o
                0x0080006b                uart0_buf_pac_tx_ptr_b
 .bss.uart0_buf_tx_ptr
                0x0080006c        0x1 inc/uart_tri_0.o
                0x0080006c                uart0_buf_tx_ptr
 .bss.uart0_buf_rx_ptr_e
                0x0080006d        0x1 inc/uart_tri_0.o
                0x0080006d                uart0_buf_rx_ptr_e
 .bss.uart0_buf_rx_ptr_b
                0x0080006e        0x1 inc/uart_tri_0.o
                0x0080006e                uart0_buf_rx_ptr_b
 .bss.led_timer
                0x0080006f        0x1 main.o
                0x0080006f                led_timer
 .bss.timer0_flag
                0x00800070        0x1 main.o
                0x00800070                timer0_flag
 *(COMMON)
 COMMON         0x00800071       0x3e inc/Tribus.o
                0x00800071                TB_out
                0x00800072                TB_param
                0x0080008f                TB_Value
                0x00800093                TB_bufOut
                0x0080009c                TB_gbparam
                0x008000a1                TB_inp
                0x008000a2                TB_AddrModule
                0x008000a3                TB_bufIn
                0x008000ac                addr_setting_in_eeprom
                0x008000ae                TB_AddrReply
 COMMON         0x008000af      0x139 inc/uart_tri_0.o
                0x008000af                uart0_buf_tx
                0x008000b8                uart0_buf_pac_rx
                0x00800148                uart0_buf_rx
                0x00800158                uart0_buf_pac_tx
                0x008001e8                PROVIDE (__bss_end, .)
                0x00007814                __data_load_start = LOADADDR (.data)
                0x00007814                __data_load_end = (__data_load_start + SIZEOF (.data))

.noinit         0x008001e8        0x0
                0x008001e8                PROVIDE (__noinit_start, .)
 *(.noinit*)
                0x008001e8                PROVIDE (__noinit_end, .)
                0x008001e8                _end = .
                0x008001e8                PROVIDE (__heap_start, .)

.eeprom         0x00810000        0x0
 *(.eeprom*)
                0x00810000                __eeprom_end = .

.fuse
 *(.fuse)
 *(.lfuse)
 *(.hfuse)
 *(.efuse)

.lock
 *(.lock*)

.signature
 *(.signature*)

.user_signatures
 *(.user_signatures*)

.stab
 *(.stab)

.stabstr
 *(.stabstr)

.stab.excl
 *(.stab.excl)

.stab.exclstr
 *(.stab.exclstr)

.stab.index
 *(.stab.index)

.stab.indexstr
 *(.stab.indexstr)

.comment        0x00000000       0x30
 *(.comment)
 .comment       0x00000000       0x30 inc/timer.o
                                 0x31 (size before relaxing)
 .comment       0x00000030       0x31 inc/Tribus.o
 .comment       0x00000030       0x31 inc/uart_tri_0.o
 .comment       0x00000030       0x31 main.o

.note.gnu.avr.deviceinfo
                0x00000000       0x3c
 .note.gnu.avr.deviceinfo
                0x00000000       0x3c C:/Program Files (x86)/Atmel/Studio/7.0/Packs/Atmel/ATmega_DFP/1.0.98/gcc/dev/atmega32/avr5/crtatmega32.o

.note.gnu.build-id
 *(.note.gnu.build-id)

.debug
 *(.debug)

.line
 *(.line)

.debug_srcinfo
 *(.debug_srcinfo)

.debug_sfnames
 *(.debug_sfnames)

.debug_aranges  0x00000000      0x158
 *(.debug_aranges)
 .debug_aranges
                0x00000000       0x20 inc/timer.o
 .debug_aranges
                0x00000020       0x58 inc/Tribus.o
 .debug_aranges
                0x00000078       0xa0 inc/uart_tri_0.o
 .debug_aranges
                0x00000118       0x40 main.o

.debug_pubnames
 *(.debug_pubnames)

.debug_info     0x00000000     0x123c
 *(.debug_info .gnu.linkonce.wi.*)
 .debug_info    0x00000000       0x8e inc/timer.o
 .debug_info    0x0000008e      0x600 inc/Tribus.o
 .debug_info    0x0000068e      0x78c inc/uart_tri_0.o
 .debug_info    0x00000e1a      0x422 main.o

.debug_abbrev   0x00000000      0x718
 *(.debug_abbrev)
 .debug_abbrev  0x00000000       0x51 inc/timer.o
 .debug_abbrev  0x00000051      0x211 inc/Tribus.o
 .debug_abbrev  0x00000262      0x2bb inc/uart_tri_0.o
 .debug_abbrev  0x0000051d      0x1fb main.o

.debug_line     0x00000000      0x710
 *(.debug_line .debug_line.* .debug_line_end)
 .debug_line    0x00000000       0xa5 inc/timer.o
 .debug_line    0x000000a5      0x286 inc/Tribus.o
 .debug_line    0x0000032b      0x285 inc/uart_tri_0.o
 .debug_line    0x000005b0      0x160 main.o

.debug_frame    0x00000000      0x35c
 *(.debug_frame)
 .debug_frame   0x00000000       0x24 inc/timer.o
 .debug_frame   0x00000024       0xe0 inc/Tribus.o
 .debug_frame   0x00000104      0x1e4 inc/uart_tri_0.o
 .debug_frame   0x000002e8       0x74 main.o

.debug_str      0x00000000      0x6ed
 *(.debug_str)
 .debug_str     0x00000000      0x146 inc/timer.o
                                0x17a (size before relaxing)
 .debug_str     0x00000146      0x215 inc/Tribus.o
                                0x39c (size before relaxing)
 .debug_str     0x0000035b      0x2db inc/uart_tri_0.o
                                0x45a (size before relaxing)
 .debug_str     0x00000636       0xb7 main.o
                                0x331 (size before relaxing)

.debug_loc      0x00000000      0x876
 *(.debug_loc)
 .debug_loc     0x00000000      0x333 inc/Tribus.o
 .debug_loc     0x00000333      0x4be inc/uart_tri_0.o
 .debug_loc     0x000007f1       0x85 main.o

.debug_macinfo
 *(.debug_macinfo)

.debug_weaknames
 *(.debug_weaknames)

.debug_funcnames
 *(.debug_funcnames)

.debug_typenames
 *(.debug_typenames)

.debug_varnames
 *(.debug_varnames)

.debug_pubtypes
 *(.debug_pubtypes)

.debug_ranges   0x00000000      0x118
 *(.debug_ranges)
 .debug_ranges  0x00000000       0x10 inc/timer.o
 .debug_ranges  0x00000010       0x48 inc/Tribus.o
 .debug_ranges  0x00000058       0x90 inc/uart_tri_0.o
 .debug_ranges  0x000000e8       0x30 main.o

.debug_macro
 *(.debug_macro)
OUTPUT(Bootloader-Slave.elf elf32-avr)
LOAD linker stubs
